Godot Engine v4.7.1.stable.official.a13da4feb - https://godotengine.org

HH_VF_BOTS STEP=boot DISPLAY=headless
HH_VF_BOTS STEP=schema ok=true
HH_VF_BOTS STEP=map_sync id=rooftops
HH_VF_BOTS STEP=map_sync id=storage
HH_VF_BOTS STEP=map_sync id=police
HH_VF_BOTS STEP=map_sync id=hazardous
HH_VF_BOTS STEP=map_sync id=lantern
HH_VF_BOTS STEP=map_sync id=gauge
HH_VF_BOTS STEP=maps six
HH_VF_BOTS STEP=weapons_start nades=3 gun=pistol ammo=12
HH_VF_BOTS STEP=weapons classes=2
HH_VF_BOTS STEP=finish_chunk left=1020 outcome=play
HH_VF_BOTS STEP=finish_chunk left=840 outcome=play
HH_VF_BOTS STEP=finish_chunk left=660 outcome=lose
HH_VF_BOTS STEP=finish_fighter slot=0 team=0 dead=true cause=damage hp=0 shots=3 x=226 y=107 bot=true
HH_VF_BOTS STEP=finish_fighter slot=1 team=1 dead=false cause= hp=38 shots=8 x=224 y=164 bot=true
HH_VF_BOTS STEP=finish outcome=lose
HH_VF_BOTS STEP=greedy
HH_VF_BOTS STEP=recover
HH_VF_BOTS STEP=diff
HH_VF_BOTS STEP=bound
HH_VF_BOTS STEP=live_fight bodies=2
HH_VF_BOTS STEP=live_pause
HH_VF_BOTS STEP=live
HH_ASSERT_FAIL rooftops bot did not reach named foe/waypoint goal=110.6 wp=117.4 engage=107.6 closest=1.8 reason=none
HH_ASSERT_FAIL rooftops bot did not arrive on a platform/foe goal=110.6 wp=117.4 engage=107.6 closest=1.8 melee=4 reroutes=3
HH_ASSERT_FAIL lantern bot did not reach named foe/waypoint goal=48.0 wp=48.8 engage=48.2 closest=48.2 reason=none
HH_ASSERT_FAIL MAPS structured outcome is fail
HH_VF_BOTS run_id=VF6WP5-20260905-ASIA-SAIGON-10
HH_VF_BOTS command_id=cmd.vf6-wp5.bots.10
HH_VF_BOTS DISPLAY=headless
HH_VF_BOTS SEED=7 MAP=rooftops MODE=vs1 NAME=Skyline Relay
HH_VF_BOTS STARTED_AT=2026-09-05T17:21:42+07:00 ENDED_AT=2026-09-05T17:42:19+07:00
HH_VF_BOTS USED_STEP_FIXED=0 USED_APPLY_FRAMES=4156 USED_APPLY_ATTEMPTED=4156 USED_APPLY_SUCCEEDED=4156 USED_PARSE_INPUT_EVENT=0 USED_ACTION_PRESS=0 USED_FORCE_KILL=0 USED_TELEPORT=0 USED_APPLY_EVAL=0
HH_VF_BOTS SCHEMA=pass SCHEMA_SOURCE=outcome_schema
HH_VF_BOTS MAPS=fail WEAPONS=pass FINISH=pass GREEDY=pass RECOVER=pass DIFF=pass BOUND=pass LIVE=pass
HH_VF_BOTS MAP_ROW id=rooftops name=Skyline Relay reach=false reason=none pit=true aim=true combat=true moved=335.8 toward=273.4 goal_dist=110.6 waypoint_dist=117.4 engage=107.6 closest=1.8 pit_blocks=7 pit_reroutes=3 gun=1 melee=4 aim_err=-9.9 shot_off=8.7 cause=
HH_VF_BOTS MAP_ROW id=storage name=Pallet Annex reach=true reason=goal pit=true aim=true combat=true moved=199.2 toward=179.7 goal_dist=28.3 waypoint_dist=17.3 engage=9.7 closest=1.2 pit_blocks=0 pit_reroutes=0 gun=2 melee=4 aim_err=5.5 shot_off=0.9 cause=
HH_VF_BOTS MAP_ROW id=police name=Signal Court reach=true reason=closed_down pit=true aim=true combat=true moved=173.0 toward=115.2 goal_dist=48.0 waypoint_dist=126.6 engage=218.1 closest=3.1 pit_blocks=2 pit_reroutes=1 gun=3 melee=2 aim_err=-9.1 shot_off=9.7 cause=
HH_VF_BOTS MAP_ROW id=hazardous name=Vitriol Sump reach=true reason=closed_down pit=true aim=true combat=true moved=248.2 toward=147.0 goal_dist=77.0 waypoint_dist=84.9 engage=79.9 closest=1.6 pit_blocks=0 pit_reroutes=0 gun=6 melee=4 aim_err=-7.9 shot_off=1.8 cause=
HH_VF_BOTS MAP_ROW id=lantern name=Lantern Cut reach=false reason=none pit=true aim=true combat=true moved=258.1 toward=257.7 goal_dist=48.0 waypoint_dist=48.8 engage=48.2 closest=48.2 pit_blocks=0 pit_reroutes=0 gun=2 melee=0 aim_err=3.0 shot_off=6.3 cause=
HH_VF_BOTS MAP_ROW id=gauge name=Gauge Deck reach=true reason=goal pit=true aim=true combat=true moved=276.1 toward=267.7 goal_dist=4.3 waypoint_dist=7.9 engage=15.9 closest=2.0 pit_blocks=2 pit_reroutes=4 gun=1 melee=6 aim_err=8.4 shot_off=8.7 cause=
HH_VF_BOTS HONESTY BOT_COVERAGE=planner NOT_AI=0 NOT_Y8_PARITY=1 PLANNER_CLASS=assumption DIFF=tuning NO_TELEPORT=1 NO_PERFECT_AIM=1 NO_HIDDEN_STATE=1
HH_VF_BOTS FORCE_KILL_OFFICIAL=0 TELEPORT_OFFICIAL=0
HH_VF_BOTS EVIDENCE_DIR=D:\dataDiskD\intellji\hoanhaosocial\hoanhaonew-20-6-2025\hh-game-studio\godot\dogfood\superfighters\.evidence\VF6WP5-10-preflight
FAIL: Vault Fighters bot planner
  - rooftops bot did not reach named foe/waypoint goal=110.6 wp=117.4 engage=107.6 closest=1.8 reason=none
  - rooftops bot did not arrive on a platform/foe goal=110.6 wp=117.4 engage=107.6 closest=1.8 melee=4 reroutes=3
  - lantern bot did not reach named foe/waypoint goal=48.0 wp=48.8 engage=48.2 closest=48.2 reason=none
  - MAPS structured outcome is fail
HH_VF_BOTS FINISHED=1
HH_VF_BOTS PROCESS_EXIT=1
