Godot Engine v4.7.1.stable.official.a13da4feb - https://godotengine.org
Vulkan 1.4.325 - Forward+ - Using Device #0: NVIDIA - NVIDIA GeForce GTX 1660 Ti

HH_VF_WORLD run_id=VF4WP1-20260829-ASIA-SAIGON-01
HH_VF_WORLD command_id=cmd.vf4-wp1.world.1
HH_VF_WORLD DISPLAY=Windows
HH_VF_WORLD SEED=7 MAP=fx_world_open MODE=vs2
HH_VF_WORLD STARTED_AT=2026-08-29T22:35:35+07:00 ENDED_AT=2026-08-29T22:35:36+07:00
HH_VF_WORLD USED_STEP_FIXED=0 USED_APPLY_FRAMES=116 USED_APPLY_ATTEMPTED=116 USED_APPLY_SUCCEEDED=116 USED_PARSE_INPUT_EVENT=1 USED_ACTION_PRESS=0
HH_VF_WORLD SCHEMA=pass SCHEMA_SOURCE=outcome_schema
HH_VF_WORLD LAYERS=pass LAYERS_SOURCE=outcome_layers
HH_VF_WORLD SPAWN=pass SPAWN_SOURCE=outcome_spawn
HH_VF_WORLD HASH=pass HASH_SOURCE=outcome_hash
HH_VF_WORLD ORPHAN=pass ORPHAN_SOURCE=outcome_orphan
HH_VF_WORLD PATH=pass PATH_SOURCE=outcome_path
HH_VF_WORLD PRESENT=pass PRESENT_SOURCE=outcome_present
HH_VF_WORLD AUTHOR=pass AUTHOR_SOURCE=outcome_author
HH_VF_WORLD DATA=pass DATA_SOURCE=outcome_data
HH_VF_WORLD LIVE=pass LIVE_SOURCE=outcome_live
HH_VF_WORLD REPLAY=match REPLAY_SOURCE=outcome_replay
HH_VF_WORLD SCHEMA_CLASS=assumption LAYERS=assumption OWN=assumption BREAK=assumption EXPL=assumption NADE_PROP=deferred HOLD_AIM=assumption ROLL_DIVE=unavailable CLOCK=RL-SIM-FIXED-60
HH_VF_WORLD SCREENSHOT_END err=0 path=d:\dataDiskD\intellji\hoanhaosocial\hoanhaonew-20-6-2025\hh-game-studio\.hh-agent\vf4wp1\official-window/screens/world_1280x720.png
HH_VF_WORLD EVIDENCE_DIR=d:\dataDiskD\intellji\hoanhaosocial\hoanhaonew-20-6-2025\hh-game-studio\.hh-agent\vf4wp1\official-window
PASS: Vault Fighters world prop schema
