Godot Engine v4.7.1.stable.official.a13da4feb - https://godotengine.org

HH_TRACE start bot=456,112 foe=72,112 path_ok=true cells=28,7,27,7,26,7,25,7,24,7,23,6,23,5,22,4,21,4,20,4,19,4,18,4,17,4,16,4,15,4,14,4,13,4,12,4,11,4,10,5,10,6,9,7,8,7,7,7,6,7,5,7,4,7
HH_TRACE t=20 pos=420,113 cell=26,7 foe=72,116 d=348 ladder=false climb=false floor=false intent=attack nxt=25,7 pitb=0 pits=0 gun=0
HH_TRACE t=40 pos=376,78 cell=23,4 foe=72,116 d=306 ladder=true climb=false floor=false intent=attack nxt=22,4 pitb=0 pits=0 gun=0
HH_TRACE t=60 pos=359,46 cell=22,2 foe=72,116 d=295 ladder=false climb=false floor=false intent=attack nxt=22,4 pitb=3 pits=0 gun=0
HH_TRACE t=80 pos=337,52 cell=21,4 foe=72,116 d=273 ladder=false climb=false floor=false intent=attack nxt=21,4 pitb=15 pits=0 gun=0
HH_TRACE t=100 pos=332,51 cell=20,4 foe=72,116 d=268 ladder=false climb=false floor=false intent=attack nxt=19,4 pitb=21 pits=0 gun=0
HH_TRACE t=120 pos=292,62 cell=18,4 foe=72,116 d=226 ladder=false climb=false floor=false intent=attack nxt=17,4 pitb=21 pits=0 gun=0
HH_TRACE t=140 pos=237,59 cell=14,4 foe=72,116 d=174 ladder=false climb=false floor=false intent=hunt nxt=14,4 pitb=21 pits=0 gun=0
HH_TRACE t=160 pos=168,67 cell=10,4 foe=72,116 d=108 ladder=true climb=true floor=false intent=hunt nxt=10,5 pitb=22 pits=1 gun=0
HH_TRACE t=180 pos=168,86 cell=10,5 foe=72,116 d=101 ladder=true climb=true floor=false intent=attack nxt=10,6 pitb=23 pits=1 gun=0
HH_TRACE t=200 pos=168,86 cell=10,5 foe=72,116 d=101 ladder=true climb=true floor=false intent=attack nxt=10,6 pitb=23 pits=1 gun=0
HH_TRACE t=220 pos=168,86 cell=10,5 foe=72,116 d=101 ladder=true climb=true floor=false intent=attack nxt=10,6 pitb=23 pits=1 gun=0
HH_TRACE t=240 pos=168,86 cell=10,5 foe=72,116 d=101 ladder=true climb=true floor=false intent=attack nxt=10,6 pitb=23 pits=1 gun=0
HH_TRACE t=260 pos=168,86 cell=10,5 foe=72,116 d=101 ladder=true climb=true floor=false intent=attack nxt=10,6 pitb=23 pits=1 gun=0
HH_TRACE t=280 pos=167,120 cell=10,7 foe=72,116 d=95 ladder=true climb=false floor=false intent=attack nxt=9,7 pitb=48 pits=1 gun=0
HH_TRACE t=300 pos=165,131 cell=10,7 foe=72,116 d=95 ladder=true climb=false floor=false intent=attack nxt=9,7 pitb=48 pits=1 gun=1
HH_TRACE t=320 pos=153,116 cell=9,7 foe=72,116 d=81 ladder=true climb=false floor=true intent=attack nxt=8,7 pitb=48 pits=1 gun=2
HH_TRACE t=340 pos=140,94 cell=8,5 foe=71,116 d=72 ladder=false climb=false floor=false intent=attack nxt=7,7 pitb=56 pits=1 gun=2
HH_TRACE t=360 pos=140,116 cell=8,7 foe=70,115 d=69 ladder=false climb=false floor=true intent=attack nxt=7,7 pitb=60 pits=1 gun=3
HH_TRACE t=380 pos=140,116 cell=8,7 foe=70,116 d=69 ladder=false climb=false floor=true intent=attack nxt=7,7 pitb=60 pits=1 gun=3
HH_TRACE t=400 pos=140,116 cell=8,7 foe=70,116 d=70 ladder=false climb=false floor=true intent=attack nxt=7,7 pitb=60 pits=1 gun=4
HH_TRACE t=420 pos=140,116 cell=8,7 foe=69,116 d=71 ladder=false climb=false floor=true intent=attack nxt=7,7 pitb=60 pits=1 gun=5
HH_TRACE t=440 pos=140,116 cell=8,7 foe=69,116 d=71 ladder=false climb=false floor=true intent=attack nxt=7,7 pitb=60 pits=1 gun=5
HH_TRACE t=460 pos=139,116 cell=8,7 foe=68,116 d=71 ladder=false climb=false floor=true intent=attack nxt=7,7 pitb=60 pits=1 gun=6
HH_TRACE t=480 pos=139,116 cell=8,7 foe=195,68 d=74 ladder=false climb=false floor=true intent=attack nxt=7,7 pitb=60 pits=1 gun=7
HH_TRACE t=500 pos=139,116 cell=8,7 foe=195,68 d=74 ladder=false climb=false floor=true intent=attack nxt=7,7 pitb=60 pits=1 gun=7
HH_TRACE t=520 pos=139,116 cell=8,7 foe=195,68 d=74 ladder=false climb=false floor=true intent=attack nxt=7,7 pitb=60 pits=1 gun=7
