Godot Engine v4.7.1.stable.official.a13da4feb - https://godotengine.org

HH_TRACE map=gauge start bot=296,96 foe=24,96 path_ok=true n=8 cells=18,6,12,6,11,6,10,6,4,6,3,6,2,6,1,6
HH_CMD t=40 pos=229,173 here=14,11 nxt=13,11 x=-1 jump=false jp=false crouch=false fire=false nade=false foe=true dist=218 gun=true react=0 floor=false ladder=false climb=false hang=false lastj=true coy=0.00 jbuf=0.00 rec=0.00 unsafe=false floor_ahead=true adj=true oneway=false climb_ud=falsefalse pitb=0 path=14,11,13,11,12,11,11,11,10,11,9,11,8,11,7,11,6,11,5,11,4,10,4,9
HH_CMD t=40 pos=915,180 here=57,11 nxt=56,11 x=-1 jump=false jp=false crouch=false fire=false nade=false foe=true dist=686 gun=true react=0 floor=true ladder=false climb=false hang=false lastj=false coy=0.09 jbuf=0.00 rec=0.00 unsafe=false floor_ahead=true adj=true oneway=false climb_ud=falsefalse pitb=0 path=57,11,56,11,55,11,54,11,53,11,52,11,51,11,50,11,49,11,48,11,47,11,46,11
HH_TRACE t=40 pos=229,170 cell=14,11 foe=24,100 d=217 ladder=false climb=false floor=false hang=false vx=0 vy=-165 intent=attack nxt=13,11 gun=0
HH_CMD t=80 pos=229,164 here=14,11 nxt=13,11 x=-1 jump=false jp=false crouch=false fire=false nade=false foe=true dist=215 gun=true react=0 floor=false ladder=false climb=false hang=false lastj=false coy=0.00 jbuf=0.00 rec=0.00 unsafe=false floor_ahead=true adj=true oneway=false climb_ud=falsefalse pitb=0 path=14,11,13,11,12,11,11,11,10,11,9,11,8,11,7,11,6,11,5,11,4,10,4,9
HH_CMD t=80 pos=841,168 here=52,11 nxt=51,11 x=-1 jump=false jp=false crouch=false fire=false nade=false foe=true dist=612 gun=true react=0 floor=false ladder=false climb=false hang=false lastj=false coy=0.00 jbuf=0.00 rec=0.00 unsafe=false floor_ahead=true adj=true oneway=false climb_ud=falsefalse pitb=0 path=53,11,52,11,51,11,50,11,49,11,48,11,47,11,46,11,45,11,44,11,43,11,42,11
HH_TRACE t=80 pos=229,165 cell=14,11 foe=24,100 d=215 ladder=false climb=false floor=false hang=false vx=0 vy=61 intent=attack nxt=13,11 gun=0
HH_CMD t=120 pos=229,173 here=14,11 nxt=13,11 x=-1 jump=false jp=false crouch=false fire=false nade=false foe=true dist=218 gun=true react=0 floor=false ladder=false climb=false hang=false lastj=true coy=0.00 jbuf=0.00 rec=0.00 unsafe=false floor_ahead=true adj=true oneway=false climb_ud=falsefalse pitb=0 path=14,11,13,11,12,11,11,11,10,11,9,11,8,11,7,11,6,11,5,11,4,10,4,9
HH_CMD t=120 pos=767,163 here=47,11 nxt=47,11 x=-1 jump=false jp=false crouch=false fire=false nade=false foe=true dist=538 gun=true react=0 floor=false ladder=false climb=false hang=false lastj=false coy=0.00 jbuf=0.00 rec=0.00 unsafe=false floor_ahead=true adj=true oneway=false climb_ud=falsefalse pitb=0 path=48,11,47,11,46,11,45,11,44,11,43,11,42,11,41,11,40,11,39,11,38,11,37,11
HH_TRACE t=120 pos=229,170 cell=14,11 foe=24,100 d=217 ladder=false climb=false floor=false hang=false vx=0 vy=-165 intent=attack nxt=13,11 gun=0
HH_CMD t=160 pos=229,164 here=14,11 nxt=13,11 x=-1 jump=false jp=false crouch=false fire=false nade=false foe=true dist=215 gun=true react=0 floor=false ladder=false climb=false hang=false lastj=false coy=0.00 jbuf=0.00 rec=0.00 unsafe=false floor_ahead=true adj=true oneway=false climb_ud=falsefalse pitb=0 path=14,11,13,11,12,11,11,11,10,11,9,11,8,11,7,11,6,11,5,11,4,10,4,9
HH_CMD t=160 pos=695,168 here=43,11 nxt=43,11 x=0 jump=false jp=false crouch=false fire=false nade=false foe=true dist=466 gun=true react=0 floor=false ladder=false climb=false hang=false lastj=false coy=0.00 jbuf=0.00 rec=0.00 unsafe=false floor_ahead=true adj=true oneway=false climb_ud=falsefalse pitb=0 path=44,11,43,11,42,11,41,11,40,11,39,11,38,11,37,11,36,11,35,11,34,11,33,11
HH_TRACE t=160 pos=229,165 cell=14,11 foe=24,100 d=215 ladder=false climb=false floor=false hang=false vx=0 vy=61 intent=attack nxt=13,11 gun=0
HH_CMD t=200 pos=229,173 here=14,11 nxt=13,11 x=-1 jump=false jp=false crouch=false fire=false nade=false foe=true dist=218 gun=true react=0 floor=false ladder=false climb=false hang=false lastj=true coy=0.00 jbuf=0.00 rec=0.00 unsafe=false floor_ahead=true adj=true oneway=false climb_ud=falsefalse pitb=0 path=14,11,13,11,12,11,11,11,10,11,9,11,8,11,7,11,6,11,5,11,4,10,4,9
HH_CMD t=200 pos=631,180 here=39,11 nxt=38,11 x=-1 jump=false jp=false crouch=false fire=false nade=false foe=true dist=402 gun=true react=0 floor=true ladder=false climb=false hang=false lastj=false coy=0.00 jbuf=0.00 rec=0.00 unsafe=false floor_ahead=true adj=true oneway=false climb_ud=falsefalse pitb=0 path=39,11,38,11,37,11,36,11,35,11,34,11,33,11,32,11,31,11,30,11,29,11,28,11
HH_TRACE t=200 pos=229,170 cell=14,11 foe=24,100 d=217 ladder=false climb=false floor=false hang=false vx=0 vy=-165 intent=attack nxt=13,11 gun=0
HH_CMD t=240 pos=229,164 here=14,11 nxt=13,11 x=-1 jump=false jp=false crouch=false fire=false nade=false foe=true dist=215 gun=true react=0 floor=false ladder=false climb=false hang=false lastj=false coy=0.00 jbuf=0.00 rec=0.00 unsafe=false floor_ahead=true adj=true oneway=false climb_ud=falsefalse pitb=0 path=14,11,13,11,12,11,11,11,10,11,9,11,8,11,7,11,6,11,5,11,4,10,4,9
HH_CMD t=240 pos=555,168 here=34,11 nxt=33,11 x=-1 jump=false jp=false crouch=false fire=false nade=false foe=true dist=326 gun=true react=0 floor=false ladder=false climb=false hang=false lastj=false coy=0.00 jbuf=0.00 rec=0.00 unsafe=false floor_ahead=true adj=true oneway=false climb_ud=falsefalse pitb=0 path=35,11,34,11,33,11,32,11,31,11,30,11,29,11,28,11,27,11,26,11,25,11,24,11
HH_TRACE t=240 pos=229,165 cell=14,11 foe=24,100 d=215 ladder=false climb=false floor=false hang=false vx=0 vy=61 intent=attack nxt=13,11 gun=0
HH_CMD t=280 pos=229,173 here=14,11 nxt=13,11 x=-1 jump=false jp=false crouch=false fire=false nade=false foe=true dist=218 gun=true react=0 floor=false ladder=false climb=false hang=false lastj=true coy=0.00 jbuf=0.00 rec=0.00 unsafe=false floor_ahead=true adj=true oneway=false climb_ud=falsefalse pitb=0 path=14,11,13,11,12,11,11,11,10,11,9,11,8,11,7,11,6,11,5,11,4,10,4,9
HH_CMD t=280 pos=488,176 here=30,11 nxt=29,11 x=-1 jump=false jp=false crouch=false fire=false nade=false foe=true dist=259 gun=true react=0 floor=false ladder=true climb=true hang=false lastj=false coy=0.00 jbuf=0.00 rec=0.00 unsafe=false floor_ahead=true adj=true oneway=false climb_ud=falsefalse pitb=0 path=30,11,29,11,28,11,27,11,26,11,25,11,24,11,23,11,22,11,21,11,20,11,19,11
HH_TRACE t=280 pos=229,170 cell=14,11 foe=24,100 d=217 ladder=false climb=false floor=false hang=false vx=0 vy=-165 intent=attack nxt=13,11 gun=0
HH_CMD t=320 pos=229,164 here=14,11 nxt=13,11 x=-1 jump=false jp=false crouch=false fire=false nade=false foe=true dist=215 gun=true react=0 floor=false ladder=false climb=false hang=false lastj=false coy=0.00 jbuf=0.00 rec=0.00 unsafe=false floor_ahead=true adj=true oneway=false climb_ud=falsefalse pitb=0 path=14,11,13,11,12,11,11,11,10,11,9,11,8,11,7,11,6,11,5,11,4,10,4,9
HH_CMD t=320 pos=485,180 here=30,11 nxt=29,11 x=-1 jump=false jp=false crouch=false fire=false nade=false foe=true dist=257 gun=true react=0 floor=true ladder=true climb=false hang=false lastj=false coy=0.09 jbuf=0.00 rec=0.00 unsafe=false floor_ahead=true adj=true oneway=false climb_ud=falsefalse pitb=0 path=30,10,29,11,28,11,27,11,26,11,25,11,24,11,23,11,22,11,21,11,20,11,19,11
HH_TRACE t=320 pos=229,165 cell=14,11 foe=24,100 d=215 ladder=false climb=false floor=false hang=false vx=0 vy=61 intent=attack nxt=13,11 gun=0
HH_CMD t=360 pos=229,173 here=14,11 nxt=13,11 x=-1 jump=false jp=false crouch=false fire=false nade=false foe=true dist=218 gun=true react=0 floor=false ladder=false climb=false hang=false lastj=true coy=0.00 jbuf=0.00 rec=0.00 unsafe=false floor_ahead=true adj=true oneway=false climb_ud=falsefalse pitb=0 path=14,11,13,11,12,11,11,11,10,11,9,11,8,11,7,11,6,11,5,11,4,10,4,9
HH_CMD t=360 pos=485,174 here=30,10 nxt=28,11 x=0 jump=false jp=false crouch=true fire=false nade=false foe=true dist=256 gun=true react=0 floor=false ladder=true climb=false hang=false lastj=false coy=0.00 jbuf=0.10 rec=0.00 unsafe=false floor_ahead=true adj=false oneway=false climb_ud=falsetrue pitb=0 path=30,11,29,11,28,11,27,11,26,11,25,11,24,11,23,11,22,11,21,11,20,11,19,11
HH_TRACE t=360 pos=229,170 cell=14,11 foe=24,100 d=217 ladder=false climb=false floor=false hang=false vx=0 vy=-165 intent=attack nxt=13,11 gun=0
HH_CMD t=400 pos=229,164 here=14,11 nxt=13,11 x=-1 jump=false jp=false crouch=false fire=false nade=false foe=true dist=215 gun=true react=0 floor=false ladder=false climb=false hang=false lastj=false coy=0.00 jbuf=0.00 rec=0.00 unsafe=false floor_ahead=true adj=true oneway=false climb_ud=falsefalse pitb=0 path=14,11,13,11,12,11,11,11,10,11,9,11,8,11,7,11,6,11,5,11,4,10,4,9
HH_CMD t=400 pos=487,180 here=30,11 nxt=29,11 x=-1 jump=false jp=false crouch=false fire=false nade=false foe=true dist=258 gun=true react=0 floor=true ladder=true climb=false hang=false lastj=false coy=0.00 jbuf=0.00 rec=0.00 unsafe=false floor_ahead=true adj=true oneway=false climb_ud=falsefalse pitb=0 path=30,10,29,11,28,11,27,11,26,11,25,11,24,11,23,11,22,11,21,11,20,11,19,11
HH_TRACE t=400 pos=229,165 cell=14,11 foe=24,100 d=215 ladder=false climb=false floor=false hang=false vx=0 vy=61 intent=attack nxt=13,11 gun=0
HH_CMD t=440 pos=229,173 here=14,11 nxt=13,11 x=-1 jump=false jp=false crouch=false fire=false nade=false foe=true dist=218 gun=true react=0 floor=false ladder=false climb=false hang=false lastj=true coy=0.00 jbuf=0.00 rec=0.00 unsafe=false floor_ahead=true adj=true oneway=false climb_ud=falsefalse pitb=0 path=14,11,13,11,12,11,11,11,10,11,9,11,8,11,7,11,6,11,5,11,4,10,4,9
HH_CMD t=440 pos=488,177 here=30,11 nxt=28,11 x=-1 jump=true jp=true crouch=false fire=false nade=false foe=true dist=259 gun=true react=0 floor=false ladder=true climb=true hang=false lastj=false coy=0.00 jbuf=0.00 rec=0.00 unsafe=false floor_ahead=true adj=true oneway=false climb_ud=falsefalse pitb=0 path=30,11,29,11,28,11,27,11,26,11,25,11,24,11,23,11,22,11,21,11,20,11,19,11
HH_TRACE t=440 pos=229,170 cell=14,11 foe=24,100 d=217 ladder=false climb=false floor=false hang=false vx=0 vy=-165 intent=attack nxt=13,11 gun=0
HH_CMD t=480 pos=229,164 here=14,11 nxt=13,11 x=-1 jump=false jp=false crouch=false fire=false nade=false foe=true dist=215 gun=true react=0 floor=false ladder=false climb=false hang=false lastj=false coy=0.00 jbuf=0.00 rec=0.00 unsafe=false floor_ahead=true adj=true oneway=false climb_ud=falsefalse pitb=0 path=14,11,13,11,12,11,11,11,10,11,9,11,8,11,7,11,6,11,5,11,4,10,4,9
HH_CMD t=480 pos=488,179 here=30,11 nxt=29,11 x=-1 jump=false jp=false crouch=false fire=false nade=false foe=true dist=259 gun=true react=0 floor=false ladder=true climb=false hang=false lastj=false coy=0.00 jbuf=0.00 rec=0.00 unsafe=false floor_ahead=true adj=true oneway=false climb_ud=falsefalse pitb=0 path=30,10,29,11,28,11,27,11,26,11,25,11,24,11,23,11,22,11,21,11,20,11,19,11
HH_TRACE t=480 pos=229,165 cell=14,11 foe=24,100 d=215 ladder=false climb=false floor=false hang=false vx=0 vy=61 intent=attack nxt=13,11 gun=0
HH_CMD t=520 pos=229,173 here=14,11 nxt=13,11 x=-1 jump=false jp=false crouch=false fire=false nade=false foe=true dist=218 gun=true react=0 floor=false ladder=false climb=false hang=false lastj=true coy=0.00 jbuf=0.00 rec=0.00 unsafe=false floor_ahead=true adj=true oneway=false climb_ud=falsefalse pitb=0 path=14,11,13,11,12,11,11,11,10,11,9,11,8,11,7,11,6,11,5,11,4,10,4,9
HH_CMD t=520 pos=488,175 here=30,10 nxt=28,11 x=0 jump=false jp=false crouch=true fire=false nade=false foe=true dist=259 gun=true react=0 floor=false ladder=true climb=true hang=false lastj=false coy=0.00 jbuf=0.00 rec=0.00 unsafe=false floor_ahead=true adj=false oneway=false climb_ud=falsetrue pitb=0 path=30,11,29,11,28,11,27,11,26,11,25,11,24,11,23,11,22,11,21,11,20,11,19,11
HH_TRACE t=520 pos=229,170 cell=14,11 foe=24,100 d=217 ladder=false climb=false floor=false hang=false vx=0 vy=-165 intent=attack nxt=13,11 gun=0
