Godot Engine v4.7.1.stable.official.a13da4feb - https://godotengine.org

HH_TRACE map=rooftops start bot=456,112 foe=72,112 path_ok=true n=27 cells=28,7,27,7,26,7,25,7,24,7,23,6,23,5,22,4,21,4,20,4,19,4,18,4,17,4,16,4,15,4,14,4,13,4,12,4,11,4,10,5,10,6,9,7,8,7,7,7,6,7,5,7,4,7
HH_TRACE t=8 pos=441,116 cell=27,7 foe=72,116 d=369 ladder=false climb=false floor=true hang=false lock=false wall=false vx=-170 vy=0 intent=attack nxt=26,7 path_i=2 path_n=27 pit=0 gun=0 step_off=true cmdx=-1 jump=false jp=false hopdone=false
HH_TRACE t=16 pos=419,116 cell=26,7 foe=72,116 d=347 ladder=false climb=false floor=true hang=false lock=false wall=false vx=-170 vy=0 intent=attack nxt=25,7 path_i=2 path_n=26 pit=0 gun=0 step_off=true cmdx=-1 jump=false jp=false hopdone=false
HH_TRACE t=24 pos=396,116 cell=24,7 foe=72,116 d=324 ladder=false climb=false floor=true hang=false lock=false wall=false vx=-170 vy=0 intent=attack nxt=23,6 path_i=2 path_n=24 pit=0 gun=0 step_off=false cmdx=-1 jump=false jp=false hopdone=false
HH_TRACE t=32 pos=376,102 cell=23,6 foe=72,116 d=304 ladder=true climb=true floor=false hang=false lock=false wall=false vx=0 vy=-140 intent=attack nxt=23,5 path_i=2 path_n=23 pit=0 gun=0 step_off=false cmdx=0 jump=true jp=true hopdone=false
HH_TRACE t=40 pos=376,81 cell=23,5 foe=72,116 d=306 ladder=true climb=true floor=false hang=false lock=false wall=false vx=0 vy=-140 intent=attack nxt=21,4 path_i=2 path_n=21 pit=0 gun=0 step_off=false cmdx=0 jump=true jp=true hopdone=true
HH_TRACE t=48 pos=376,72 cell=23,4 foe=72,116 d=307 ladder=true climb=true floor=false hang=false lock=false wall=false vx=0 vy=-140 intent=attack nxt=21,4 path_i=2 path_n=21 pit=0 gun=0 step_off=true cmdx=-1 jump=true jp=false hopdone=true
HH_TRACE t=56 pos=376,64 cell=23,4 foe=72,116 d=308 ladder=true climb=false floor=false hang=false lock=false wall=false vx=-23 vy=-112 intent=attack nxt=21,4 path_i=1 path_n=20 pit=0 gun=0 step_off=false cmdx=-1 jump=false jp=false hopdone=true
HH_TRACE t=64 pos=359,66 cell=22,4 foe=72,116 d=292 ladder=false climb=false floor=false hang=false lock=false wall=false vx=-170 vy=115 intent=attack nxt=21,4 path_i=1 path_n=20 pit=0 gun=0 step_off=true cmdx=-1 jump=true jp=false hopdone=false
HH_TRACE t=72 pos=365,60 cell=22,4 foe=72,116 d=298 ladder=false climb=false floor=false hang=false lock=false wall=false vx=-163 vy=58 intent=attack nxt=21,4 path_i=1 path_n=20 pit=0 gun=0 step_off=true cmdx=-1 jump=true jp=false hopdone=false
HH_TRACE t=80 pos=342,68 cell=21,4 foe=72,116 d=275 ladder=false climb=false floor=true hang=false lock=false wall=false vx=-170 vy=0 intent=attack nxt=20,4 path_i=2 path_n=20 pit=0 gun=0 step_off=true cmdx=-1 jump=false jp=false hopdone=false
HH_TRACE t=120 pos=229,68 cell=14,4 foe=72,116 d=164 ladder=false climb=false floor=true hang=false lock=false wall=false vx=-170 vy=0 intent=attack nxt=13,4 path_i=1 path_n=12 pit=0 gun=0 step_off=true cmdx=-1 jump=false jp=false hopdone=false
HH_TRACE t=160 pos=168,115 cell=10,7 foe=72,116 d=96 ladder=true climb=false floor=false hang=false lock=false wall=false vx=-23 vy=168 intent=attack nxt=9,7 path_i=1 path_n=7 pit=0 gun=0 step_off=true cmdx=-1 jump=false jp=false hopdone=false
HH_TRACE t=200 pos=140,116 cell=8,7 foe=72,116 d=68 ladder=false climb=false floor=true hang=false lock=false wall=false vx=-55 vy=0 intent=attack nxt=7,7 path_i=1 path_n=5 pit=0 gun=0 step_off=true cmdx=-1 jump=false jp=false hopdone=false
HH_TRACE t=240 pos=106,116 cell=6,7 foe=71,116 d=35 ladder=false climb=false floor=true hang=false lock=false wall=false vx=-55 vy=0 intent=attack nxt=5,7 path_i=1 path_n=3 pit=0 gun=1 step_off=true cmdx=-1 jump=true jp=true hopdone=false
HH_TRACE t=280 pos=72,116 cell=4,7 foe=65,116 d=8 ladder=false climb=false floor=true hang=false lock=false wall=false vx=0 vy=0 intent=attack nxt=4,7 path_i=0 path_n=1 pit=0 gun=1 step_off=false cmdx=0 jump=false jp=false hopdone=false
HH_TRACE t=320 pos=65,74 cell=4,4 foe=65,116 d=42 ladder=false climb=false floor=false hang=false lock=false wall=false vx=0 vy=53 intent=attack nxt=4,7 path_i=0 path_n=1 pit=0 gun=1 step_off=false cmdx=0 jump=false jp=false hopdone=false
HH_TRACE t=360 pos=73,116 cell=4,7 foe=71,116 d=2 ladder=false climb=false floor=true hang=false lock=false wall=false vx=0 vy=0 intent=attack nxt=4,7 path_i=0 path_n=1 pit=0 gun=1 step_off=false cmdx=0 jump=false jp=false hopdone=false
HH_TRACE t=400 pos=69,116 cell=4,7 foe=78,116 d=9 ladder=false climb=false floor=true hang=false lock=false wall=false vx=0 vy=0 intent=attack nxt=4,7 path_i=0 path_n=1 pit=1 gun=1 step_off=false cmdx=0 jump=false jp=false hopdone=false
HH_TRACE t=440 pos=73,116 cell=4,7 foe=85,116 d=12 ladder=false climb=false floor=true hang=false lock=false wall=false vx=0 vy=0 intent=attack nxt=4,7 path_i=0 path_n=1 pit=2 gun=1 step_off=false cmdx=0 jump=false jp=false hopdone=false
HH_TRACE t=480 pos=104,52 cell=6,3 foe=85,116 d=67 ladder=false climb=false floor=true hang=false lock=false wall=false vx=0 vy=0 intent=hunt nxt=10,4 path_i=1 path_n=10 pit=7 gun=1 step_off=false cmdx=0 jump=false jp=false hopdone=false
HH_TRACE t=520 pos=133,20 cell=8,1 foe=85,116 d=108 ladder=false climb=false floor=true hang=false lock=false wall=false vx=90 vy=0 intent=hunt nxt=7,1 path_i=0 path_n=1 pit=7 gun=1 step_off=true cmdx=-1 jump=false jp=false hopdone=false
