Godot Engine v4.7.1.stable.official.a13da4feb - https://godotengine.org

HH_TRACE map=gauge start bot=296,96 foe=24,96 path_ok=true n=21 cells=18,11,17,11,16,11,15,11,14,11,13,11,12,11,11,11,10,11,9,11,8,11,7,11,6,11,5,11,4,10,4,9,4,8,4,7,3,6,2,6,1,6
HH_TRACE t=8 pos=296,113 cell=18,7 foe=24,100 d=272 ladder=false climb=false floor=false hang=false lock=false wall=false vx=0 vy=227 intent=attack nxt=17,11 path_i=1 path_n=21 pit=0 gun=0 step_off=false cmdx=0 jump=false jp=false hopdone=false
HH_TRACE t=16 pos=296,160 cell=18,11 foe=24,100 d=279 ladder=false climb=false floor=false hang=false lock=false wall=false vx=0 vy=453 intent=hunt nxt=17,11 path_i=1 path_n=21 pit=0 gun=0 step_off=false cmdx=0 jump=false jp=false hopdone=false
HH_TRACE t=24 pos=281,180 cell=17,11 foe=24,100 d=269 ladder=false climb=false floor=true hang=false lock=false wall=false vx=-170 vy=0 intent=attack nxt=16,11 path_i=2 path_n=21 pit=0 gun=0 step_off=true cmdx=-1 jump=false jp=false hopdone=false
HH_TRACE t=32 pos=258,180 cell=16,11 foe=24,100 d=247 ladder=false climb=false floor=true hang=false lock=false wall=false vx=-170 vy=0 intent=attack nxt=15,11 path_i=1 path_n=19 pit=0 gun=0 step_off=true cmdx=-1 jump=false jp=false hopdone=false
HH_TRACE t=40 pos=235,180 cell=14,11 foe=24,100 d=226 ladder=false climb=false floor=true hang=false lock=false wall=false vx=-170 vy=0 intent=attack nxt=13,11 path_i=2 path_n=18 pit=0 gun=0 step_off=true cmdx=-1 jump=false jp=false hopdone=false
HH_TRACE t=48 pos=228,149 cell=14,9 foe=24,100 d=210 ladder=false climb=false floor=false hang=false lock=false wall=false vx=-47 vy=-317 intent=hunt nxt=13,11 path_i=1 path_n=17 pit=0 gun=0 step_off=false cmdx=-1 jump=true jp=false hopdone=false
HH_TRACE t=56 pos=217,145 cell=13,9 foe=24,100 d=198 ladder=false climb=false floor=false hang=false lock=false wall=false vx=-7 vy=142 intent=hunt nxt=13,11 path_i=1 path_n=17 pit=0 gun=0 step_off=false cmdx=0 jump=false jp=false hopdone=false
HH_TRACE t=64 pos=211,140 cell=13,8 foe=24,100 d=192 ladder=false climb=false floor=false hang=false lock=false wall=false vx=-117 vy=-373 intent=attack nxt=12,11 path_i=1 path_n=16 pit=0 gun=0 step_off=false cmdx=-1 jump=true jp=false hopdone=false
HH_TRACE t=72 pos=198,151 cell=12,9 foe=24,100 d=182 ladder=false climb=false floor=false hang=false lock=false wall=false vx=-23 vy=198 intent=hunt nxt=11,11 path_i=1 path_n=15 pit=0 gun=0 step_off=false cmdx=1 jump=false jp=false hopdone=false
HH_TRACE t=80 pos=197,180 cell=12,11 foe=24,100 d=190 ladder=false climb=false floor=true hang=false lock=false wall=false vx=-103 vy=0 intent=attack nxt=11,11 path_i=1 path_n=15 pit=0 gun=0 step_off=true cmdx=-1 jump=false jp=false hopdone=false
HH_TRACE t=120 pos=72,177 cell=4,11 foe=24,100 d=91 ladder=true climb=true floor=false hang=false lock=false wall=false vx=0 vy=-140 intent=hunt nxt=4,10 path_i=2 path_n=9 pit=0 gun=0 step_off=false cmdx=0 jump=true jp=true hopdone=false
HH_TRACE t=160 pos=55,100 cell=3,6 foe=24,100 d=31 ladder=true climb=false floor=true hang=false lock=false wall=false vx=-170 vy=0 intent=attack nxt=2,6 path_i=1 path_n=3 pit=0 gun=0 step_off=true cmdx=-1 jump=false jp=false hopdone=true
HH_TRACE t=200 pos=23,78 cell=1,4 foe=23,100 d=22 ladder=false climb=false floor=false hang=false lock=false wall=false vx=0 vy=335 intent=attack nxt=1,6 path_i=0 path_n=1 pit=0 gun=1 step_off=false cmdx=0 jump=false jp=false hopdone=false
HH_TRACE t=240 pos=22,100 cell=1,6 foe=31,100 d=9 ladder=false climb=false floor=true hang=false lock=false wall=false vx=0 vy=0 intent=attack nxt=1,6 path_i=0 path_n=1 pit=0 gun=1 step_off=false cmdx=0 jump=false jp=false hopdone=false
HH_TRACE t=280 pos=29,57 cell=1,3 foe=31,100 d=43 ladder=false climb=false floor=false hang=false lock=false wall=false vx=0 vy=25 intent=attack nxt=1,6 path_i=0 path_n=1 pit=0 gun=1 step_off=false cmdx=0 jump=true jp=false hopdone=false
HH_TRACE t=320 pos=22,100 cell=1,6 foe=24,100 d=2 ladder=false climb=false floor=true hang=false lock=false wall=false vx=0 vy=0 intent=attack nxt=1,6 path_i=0 path_n=1 pit=0 gun=1 step_off=false cmdx=0 jump=false jp=false hopdone=false
HH_TRACE t=360 pos=27,100 cell=1,6 foe=18,100 d=9 ladder=false climb=false floor=true hang=false lock=false wall=false vx=0 vy=0 intent=attack nxt=1,6 path_i=0 path_n=1 pit=0 gun=1 step_off=false cmdx=0 jump=false jp=false hopdone=false
HH_TRACE t=400 pos=16,100 cell=0,6 foe=11,100 d=5 ladder=false climb=false floor=true hang=false lock=false wall=false vx=0 vy=0 intent=attack nxt=0,6 path_i=0 path_n=1 pit=0 gun=1 step_off=false cmdx=0 jump=false jp=false hopdone=false
HH_TRACE t=440 pos=11,100 cell=0,6 foe=4,100 d=7 ladder=false climb=false floor=true hang=false lock=false wall=false vx=0 vy=0 intent=attack nxt=0,6 path_i=0 path_n=1 pit=1 gun=1 step_off=false cmdx=0 jump=false jp=false hopdone=false
HH_TRACE t=480 pos=20,97 cell=1,6 foe=-1,-1 d=-1 ladder=false climb=false floor=false hang=false lock=false wall=false vx=103 vy=420 intent=attack nxt=0,6 path_i=1 path_n=2 pit=2 gun=1 step_off=true cmdx=0 jump=false jp=false hopdone=false
HH_TRACE t=520 pos=20,97 cell=1,6 foe=-1,-1 d=-1 ladder=false climb=false floor=false hang=false lock=false wall=false vx=103 vy=420 intent=attack nxt=0,6 path_i=1 path_n=2 pit=2 gun=1 step_off=true cmdx=0 jump=false jp=false hopdone=false
