Godot Engine v4.7.1.stable.official.a13da4feb - https://godotengine.org

HH_VF_BOTS STEP=boot DISPLAY=headless
HH_VF_BOTS STEP=schema ok=true
HH_VF_BOTS STEP=map_sync id=rooftops
HH_VF_BOTS STEP=map_sync id=storage
HH_VF_BOTS STEP=map_sync id=police
HH_VF_BOTS STEP=map_sync id=hazardous
HH_VF_BOTS STEP=map_sync id=lantern
HH_VF_BOTS STEP=map_sync id=gauge
HH_VF_BOTS STEP=maps six
HH_VF_BOTS STEP=weapons_start nades=3 gun=pistol ammo=12
HH_VF_BOTS STEP=weapons classes=2
HH_VF_BOTS STEP=finish_chunk left=1020 outcome=play
HH_VF_BOTS STEP=finish_chunk left=840 outcome=win
HH_VF_BOTS STEP=finish_fighter slot=0 team=0 dead=false cause= hp=6 shots=5 x=284 y=164 bot=true
HH_VF_BOTS STEP=finish_fighter slot=1 team=1 dead=true cause=damage hp=0 shots=5 x=356 y=164 bot=true
HH_VF_BOTS STEP=finish outcome=win
HH_VF_BOTS STEP=greedy
HH_VF_BOTS STEP=recover
HH_VF_BOTS STEP=diff
HH_VF_BOTS STEP=bound
HH_VF_BOTS STEP=live
HH_ASSERT_FAIL rooftops bot did not reach named foe/waypoint goal=130.1 wp=123.5 engage=133.0 closest=132.0 reason=none
HH_ASSERT_FAIL rooftops bot did not arrive on a platform/waypoint/foe goal=130.1 wp=123.5 engage=133.0 closest=132.0
HH_ASSERT_FAIL police bot did not reach named foe/waypoint goal=128.4 wp=126.4 engage=127.3 closest=125.0 reason=none
HH_ASSERT_FAIL gauge bot did not reach named foe/waypoint goal=221.5 wp=97.4 engage=220.0 closest=220.0 reason=none
HH_ASSERT_FAIL MAPS structured outcome is fail
HH_VF_BOTS run_id=VF6WP5-20260903-ASIA-SAIGON-04
HH_VF_BOTS command_id=cmd.vf6-wp5.bots.4
HH_VF_BOTS DISPLAY=headless
HH_VF_BOTS SEED=7 MAP=rooftops MODE=vs1 NAME=Skyline Relay
HH_VF_BOTS STARTED_AT=2026-09-04T05:40:30+07:00 ENDED_AT=2026-09-04T05:51:00+07:00
HH_VF_BOTS USED_STEP_FIXED=0 USED_APPLY_FRAMES=3863 USED_APPLY_ATTEMPTED=3863 USED_APPLY_SUCCEEDED=3863 USED_PARSE_INPUT_EVENT=0 USED_ACTION_PRESS=0 USED_FORCE_KILL=0 USED_TELEPORT=0 USED_APPLY_EVAL=0
HH_VF_BOTS SCHEMA=pass SCHEMA_SOURCE=outcome_schema
HH_VF_BOTS MAPS=fail WEAPONS=pass FINISH=pass GREEDY=pass RECOVER=pass DIFF=pass BOUND=pass LIVE=pass
HH_VF_BOTS MAP_ROW id=rooftops name=Skyline Relay reach=false reason=none pit=true aim=true combat=true moved=288.3 toward=253.9 goal_dist=130.1 waypoint_dist=123.5 engage=133.0 closest=132.0 pit_blocks=244 pit_reroutes=82 gun=4 melee=0 aim_err=9.3 shot_off=3.0 cause=
HH_VF_BOTS MAP_ROW id=storage name=Pallet Annex reach=true reason=waypoint pit=true aim=true combat=true moved=96.0 toward=96.0 goal_dist=112.0 waypoint_dist=22.5 engage=117.8 closest=114.3 pit_blocks=0 pit_reroutes=0 gun=9 melee=0 aim_err=-3.0 shot_off=3.0 cause=
HH_VF_BOTS MAP_ROW id=police name=Signal Court reach=false reason=none pit=true aim=true combat=true moved=36.9 toward=34.8 goal_dist=128.4 waypoint_dist=126.4 engage=127.3 closest=125.0 pit_blocks=19 pit_reroutes=9 gun=9 melee=0 aim_err=-3.0 shot_off=3.0 cause=
HH_VF_BOTS MAP_ROW id=hazardous name=Vitriol Sump reach=true reason=waypoint pit=true aim=true combat=true moved=155.6 toward=155.4 goal_dist=68.6 waypoint_dist=6.0 engage=71.5 closest=71.5 pit_blocks=6 pit_reroutes=2 gun=9 melee=0 aim_err=-3.0 shot_off=3.0 cause=
HH_VF_BOTS MAP_ROW id=lantern name=Lantern Cut reach=true reason=engage pit=true aim=true combat=true moved=256.9 toward=256.5 goal_dist=49.2 waypoint_dist=100.3 engage=49.7 closest=49.7 pit_blocks=66 pit_reroutes=19 gun=8 melee=0 aim_err=10.0 shot_off=3.0 cause=
HH_VF_BOTS MAP_ROW id=gauge name=Gauge Deck reach=false reason=none pit=true aim=true combat=true moved=107.4 toward=50.5 goal_dist=221.5 waypoint_dist=97.4 engage=220.0 closest=220.0 pit_blocks=0 pit_reroutes=0 gun=11 melee=0 aim_err=9.9 shot_off=7.2 cause=
HH_VF_BOTS HONESTY BOT_COVERAGE=planner NOT_AI=0 NOT_Y8_PARITY=1 PLANNER_CLASS=assumption DIFF=tuning NO_TELEPORT=1 NO_PERFECT_AIM=1 NO_HIDDEN_STATE=1
HH_VF_BOTS FORCE_KILL_OFFICIAL=0 TELEPORT_OFFICIAL=0
HH_VF_BOTS EVIDENCE_DIR=D:\dataDiskD\intellji\hoanhaosocial\hoanhaonew-20-6-2025\hh-game-studio\godot\dogfood\superfighters\.evidence\VF6WP5-diag-04
FAIL: Vault Fighters bot planner
  - rooftops bot did not reach named foe/waypoint goal=130.1 wp=123.5 engage=133.0 closest=132.0 reason=none
  - rooftops bot did not arrive on a platform/waypoint/foe goal=130.1 wp=123.5 engage=133.0 closest=132.0
  - police bot did not reach named foe/waypoint goal=128.4 wp=126.4 engage=127.3 closest=125.0 reason=none
  - gauge bot did not reach named foe/waypoint goal=221.5 wp=97.4 engage=220.0 closest=220.0 reason=none
  - MAPS structured outcome is fail
HH_VF_BOTS FINISHED=1
HH_VF_BOTS PROCESS_EXIT=1
