Godot Engine v4.7.1.stable.official.a13da4feb - https://godotengine.org

HH_VF_BOTS STEP=boot DISPLAY=headless
HH_VF_BOTS STEP=schema ok=true
HH_VF_BOTS STEP=map_sync id=rooftops
HH_VF_BOTS STEP=map_sync id=storage
HH_VF_BOTS STEP=map_sync id=police
HH_VF_BOTS STEP=map_sync id=hazardous
HH_VF_BOTS STEP=map_sync id=lantern
HH_VF_BOTS STEP=map_sync id=gauge
HH_VF_BOTS STEP=maps six
HH_VF_BOTS STEP=weapons_start nades=3 gun=pistol ammo=12
HH_VF_BOTS STEP=weapons classes=2
HH_VF_BOTS STEP=finish_chunk left=540 outcome=play
HH_VF_BOTS STEP=finish_chunk left=360 outcome=lose
HH_VF_BOTS STEP=finish_fighter slot=0 team=0 dead=true cause=damage hp=0 shots=5 x=300 y=164 bot=true
HH_VF_BOTS STEP=finish_fighter slot=1 team=1 dead=true cause=damage hp=0 shots=5 x=339 y=164 bot=true
HH_VF_BOTS STEP=finish_fighter slot=2 team=2 dead=false cause= hp=100 shots=0 x=654 y=116 bot=true
HH_VF_BOTS STEP=finish outcome=lose
HH_VF_BOTS STEP=greedy
HH_VF_BOTS STEP=recover
HH_VF_BOTS STEP=diff
HH_VF_BOTS STEP=bound
HH_VF_BOTS STEP=live
HH_ASSERT_FAIL rooftops bot did not reach named pad/waypoint goal=282.6 wp=69.0
HH_ASSERT_FAIL storage bot did not reach named pad/waypoint goal=45.9 wp=76.4
HH_ASSERT_FAIL police bot did not reach named pad/waypoint goal=136.0 wp=136.0
HH_ASSERT_FAIL hazardous bot did not reach named pad/waypoint goal=36.2 wp=28.3
HH_ASSERT_FAIL lantern bot did not reach named pad/waypoint goal=88.3 wp=60.4
HH_ASSERT_FAIL gauge bot did not reach named pad/waypoint goal=271.9 wp=139.6
HH_ASSERT_FAIL winner did not fight shots=0 melee_hits=0
HH_ASSERT_FAIL MAPS structured outcome is fail
HH_ASSERT_FAIL FINISH structured outcome is fail
HH_VF_BOTS run_id=VF6WP5-20260903-ASIA-SAIGON-03
HH_VF_BOTS command_id=cmd.vf6-wp5.bots.3
HH_VF_BOTS DISPLAY=headless
HH_VF_BOTS SEED=7 MAP=rooftops MODE=vs1 NAME=Skyline Relay
HH_VF_BOTS STARTED_AT=2026-09-03T17:02:44+07:00 ENDED_AT=2026-09-03T17:16:59+07:00
HH_VF_BOTS USED_STEP_FIXED=0 USED_APPLY_FRAMES=3705 USED_APPLY_ATTEMPTED=3705 USED_APPLY_SUCCEEDED=3705 USED_PARSE_INPUT_EVENT=0 USED_ACTION_PRESS=0 USED_FORCE_KILL=0 USED_TELEPORT=0 USED_APPLY_EVAL=0
HH_VF_BOTS SCHEMA=pass SCHEMA_SOURCE=outcome_schema
HH_VF_BOTS MAPS=fail WEAPONS=pass FINISH=fail GREEDY=pass RECOVER=pass DIFF=pass BOUND=pass LIVE=pass
HH_VF_BOTS MAP_ROW id=rooftops name=Skyline Relay reach=false pit=true aim=true combat=true moved=101.6 toward=101.4 goal_dist=282.6 waypoint_dist=69.0 pit_blocks=705 pit_reroutes=207 gun=4 melee=0 aim_err=-3.3 shot_off=5.1 cause=
HH_VF_BOTS MAP_ROW id=storage name=Pallet Annex reach=false pit=true aim=true combat=true moved=175.2 toward=162.3 goal_dist=45.9 waypoint_dist=76.4 pit_blocks=0 pit_reroutes=0 gun=8 melee=0 aim_err=-9.0 shot_off=3.0 cause=
HH_VF_BOTS MAP_ROW id=police name=Signal Court reach=false pit=true aim=true combat=true moved=27.1 toward=25.8 goal_dist=136.0 waypoint_dist=136.0 pit_blocks=14 pit_reroutes=7 gun=9 melee=0 aim_err=-3.0 shot_off=3.0 cause=
HH_VF_BOTS MAP_ROW id=hazardous name=Vitriol Sump reach=false pit=true aim=true combat=true moved=188.0 toward=187.9 goal_dist=36.2 waypoint_dist=28.3 pit_blocks=0 pit_reroutes=0 gun=9 melee=0 aim_err=-3.0 shot_off=3.0 cause=
HH_VF_BOTS MAP_ROW id=lantern name=Lantern Cut reach=false pit=true aim=true combat=true moved=220.3 toward=216.7 goal_dist=88.3 waypoint_dist=60.4 pit_blocks=4 pit_reroutes=2 gun=9 melee=0 aim_err=3.0 shot_off=5.2 cause=
HH_VF_BOTS MAP_ROW id=gauge name=Gauge Deck reach=false pit=true aim=true combat=true moved=84.5 toward=0.2 goal_dist=271.9 waypoint_dist=139.6 pit_blocks=56 pit_reroutes=16 gun=9 melee=0 aim_err=-3.0 shot_off=5.2 cause=
HH_VF_BOTS HONESTY BOT_COVERAGE=planner NOT_AI=0 NOT_Y8_PARITY=1 PLANNER_CLASS=assumption DIFF=tuning NO_TELEPORT=1 NO_PERFECT_AIM=1 NO_HIDDEN_STATE=1
HH_VF_BOTS FORCE_KILL_OFFICIAL=0 TELEPORT_OFFICIAL=0
HH_VF_BOTS EVIDENCE_DIR=D:\dataDiskD\intellji\hoanhaosocial\hoanhaonew-20-6-2025\hh-game-studio\godot\dogfood\superfighters\.evidence\VF6WP5-smoke-03g
FAIL: Vault Fighters bot planner
  - rooftops bot did not reach named pad/waypoint goal=282.6 wp=69.0
  - storage bot did not reach named pad/waypoint goal=45.9 wp=76.4
  - police bot did not reach named pad/waypoint goal=136.0 wp=136.0
  - hazardous bot did not reach named pad/waypoint goal=36.2 wp=28.3
  - lantern bot did not reach named pad/waypoint goal=88.3 wp=60.4
  - gauge bot did not reach named pad/waypoint goal=271.9 wp=139.6
  - winner did not fight shots=0 melee_hits=0
  - MAPS structured outcome is fail
  - FINISH structured outcome is fail
HH_VF_BOTS FINISHED=1
HH_VF_BOTS PROCESS_EXIT=1
