Godot Engine v4.7.1.stable.official.a13da4feb - https://godotengine.org
Vulkan 1.4.325 - Forward+ - Using Device #0: NVIDIA - NVIDIA GeForce GTX 1660 Ti

HH_VF_VS2 STEP=boot DISPLAY=Windows
HH_VF_VS2 STEP=first_run
HH_VF_VS2 SCREENSHOT_vs_flow_title err=0 path=d:\dataDiskD\intellji\hoanhaosocial\hoanhaonew-20-6-2025\hh-game-studio\godot\dogfood\superfighters\.evidence\VF6WP2-20260901-ASIA-SAIGON-03\window/screens/vs_flow_title_1280x720.png
HH_VF_VS2 TIMELINE name=first_run_vs1_mode actions=1 ms=25
HH_VF_VS2 SCREENSHOT_vs_flow_lobby err=0 path=d:\dataDiskD\intellji\hoanhaosocial\hoanhaonew-20-6-2025\hh-game-studio\godot\dogfood\superfighters\.evidence\VF6WP2-20260901-ASIA-SAIGON-03\window/screens/vs_flow_lobby_1280x720.png
HH_VF_VS2 TIMELINE name=first_run_vs1_start actions=2 ms=218
HH_VF_VS2 TIMELINE name=first_run_vs2_mode actions=1 ms=68
HH_VF_VS2 SCREENSHOT_vs_flow_lobby err=0 path=d:\dataDiskD\intellji\hoanhaosocial\hoanhaonew-20-6-2025\hh-game-studio\godot\dogfood\superfighters\.evidence\VF6WP2-20260901-ASIA-SAIGON-03\window/screens/vs_flow_lobby_1280x720.png
HH_VF_VS2 TIMELINE name=first_run_vs2_start actions=2 ms=267
HH_VF_VS2 STEP=ready_remap
HH_VF_VS2 STEP=play_resolve
HH_VF_VS2 SCREENSHOT_vs_flow_fight err=0 path=d:\dataDiskD\intellji\hoanhaosocial\hoanhaonew-20-6-2025\hh-game-studio\godot\dogfood\superfighters\.evidence\VF6WP2-20260901-ASIA-SAIGON-03\window/screens/vs_flow_fight_1280x720.png
HH_VF_VS2 PLAY_TRACE map=fx_melee_close p1_moved=true p2_moved=true p1_attacked=true p2_attacked=true hit=true outcome=win death_cause=damage end_reason=last_standing hp=100.0/0.0
HH_VF_VS2 SCREENSHOT_vs_flow_result err=0 path=d:\dataDiskD\intellji\hoanhaosocial\hoanhaonew-20-6-2025\hh-game-studio\godot\dogfood\superfighters\.evidence\VF6WP2-20260901-ASIA-SAIGON-03\window/screens/vs_flow_result_1280x720.png
HH_VF_VS2 STEP=rematch
HH_VF_VS2 TIMELINE name=rematch actions=1 ms=61
HH_VF_VS2 SCREENSHOT_vs_flow_rematch err=0 path=d:\dataDiskD\intellji\hoanhaosocial\hoanhaonew-20-6-2025\hh-game-studio\godot\dogfood\superfighters\.evidence\VF6WP2-20260901-ASIA-SAIGON-03\window/screens/vs_flow_rematch_1280x720.png
HH_VF_VS2 SCREENSHOT_vs_flow_title_after err=0 path=d:\dataDiskD\intellji\hoanhaosocial\hoanhaonew-20-6-2025\hh-game-studio\godot\dogfood\superfighters\.evidence\VF6WP2-20260901-ASIA-SAIGON-03\window/screens/vs_flow_title_after_1280x720.png
HH_VF_VS2 STEP=leak
HH_VF_VS2 run_id=VF6WP2-20260901-ASIA-SAIGON-03
HH_VF_VS2 command_id=cmd.vf6-wp2.vs-flow.3
HH_VF_VS2 DISPLAY=Windows
HH_VF_VS2 SEED=7 MAP=fx_melee_close MODE=vs2 NAME=Close Clinch
HH_VF_VS2 STARTED_AT=2026-09-01T19:31:39+07:00 ENDED_AT=2026-09-01T19:31:43+07:00
HH_VF_VS2 USED_STEP_FIXED=0 USED_APPLY_FRAMES=615 USED_APPLY_ATTEMPTED=615 USED_APPLY_SUCCEEDED=615 USED_PARSE_INPUT_EVENT=147 USED_ACTION_PRESS=0 USED_FORCE_KILL=0 USED_TELEPORT=0
HH_VF_VS2 SCHEMA=pass SCHEMA_SOURCE=outcome_schema
HH_VF_VS2 FIRST=pass FIRST_SOURCE=outcome_first VS1_ACTIONS=2 VS1_SEC=0.218 VS2_ACTIONS=2 VS2_SEC=0.267
HH_VF_VS2 READY=pass READY_SOURCE=outcome_ready
HH_VF_VS2 LEAK=pass LEAK_SOURCE=outcome_leak
HH_VF_VS2 PLAY=pass PLAY_SOURCE=outcome_play OUTCOME=win MAP=fx_melee_close DEATH_CAUSE=damage P1_MOVED=true P2_MOVED=true P1_ATTACKED=true P2_ATTACKED=true HIT=true PIT_FALLBACK=0
HH_VF_VS2 REMATCH=pass REMATCH_SOURCE=outcome_rematch ACTIONS=1 SEC=0.061
HH_VF_VS2 OVERLAY=pass OVERLAY_SOURCE=outcome_overlay
HH_VF_VS2 FEEDBACK=pass FEEDBACK_SOURCE=outcome_feedback
HH_VF_VS2 LIVE=pass LIVE_SOURCE=outcome_live
HH_VF_VS2 HONESTY P2_COVERAGE=live_local BOT_COVERAGE=smoke NOT_AI=1 NOT_Y8_PARITY=1 SURVIVAL_SHIPPED=0 STAGE_LIFECYCLE=0
HH_VF_VS2 FORCE_KILL_OFFICIAL=0 TELEPORT_OFFICIAL=0
HH_VF_VS2 EVIDENCE_DIR=d:\dataDiskD\intellji\hoanhaosocial\hoanhaonew-20-6-2025\hh-game-studio\godot\dogfood\superfighters\.evidence\VF6WP2-20260901-ASIA-SAIGON-03\window
PASS: Vault Fighters vs production flow
HH_VF_VS2 FINISHED=1
HH_VF_VS2 PROCESS_EXIT=0

